fastdyn.main|INFO|  [32m****** Fastdyn Framework 0.1.0 *******[0m
fastdyn.main|WARNING|  [33mThe output directory: /home/jgoppert/git/rumoca_fastdyn_tutorial/FastDyn/out/payload-current/run-008/work passed by the user does not exist.[0m
fastdyn.main|INFO|  [32mCreating output directory at path: /home/jgoppert/git/rumoca_fastdyn_tutorial/FastDyn/out/payload-current/run-008/work[0m
FastDyn timing log: /home/jgoppert/git/rumoca_fastdyn_tutorial/FastDyn/out/payload-current/run-008/work/fastdyn_timing.jsonl
FASTDYN_LOG|INFO|  [32m[timing] fastdyn:fastdyn.fmu_auto_build 0.001s ok[0m
FASTDYN_LOG|INFO|  [32m[timing] fastdyn:helpers.load_config 0.002s ok[0m
FASTDYN_LOG|INFO|  [32m[timing] fastdyn:helper.mavproxy.popen 0.001s ok[0m
FASTDYN_LOG|INFO|  [32mMAVCesium web viewer: open http://127.0.0.1:5000/mavcesium/[0m
FASTDYN_LOG|INFO|  [32m[timing] fastdyn:helper.mission.popen 0.001s ok[0m
FASTDYN_LOG|INFO|  [32m[timing] fastdyn:helpers.start 0.003s ok[0m
FASTDYN_LOG|INFO|  [32mParsing Config file: /home/jgoppert/git/rumoca_fastdyn_tutorial/FastDyn/out/payload-current/run-008/fastdyn.toml[0m
[mission] connecting to udpin:127.0.0.1:14552
-- The C compiler identification is GNU 15.2.0
-- The CXX compiler identification is GNU 15.2.0
-- Detecting C compiler ABI info
-- Detecting C compiler ABI info - done
-- Check for working C compiler: /nix/store/xcnqqnhw9hb4j5rjgds2yjryi8qki5f3-gcc-wrapper-15.2.0/bin/gcc - skipped
-- Detecting C compile features
-- Detecting C compile features - done
-- Detecting CXX compiler ABI info
-- Detecting CXX compiler ABI info - done
-- Check for working CXX compiler: /nix/store/xcnqqnhw9hb4j5rjgds2yjryi8qki5f3-gcc-wrapper-15.2.0/bin/g++ - skipped
-- Detecting CXX compile features
-- Detecting CXX compile features - done
-- Configuring done (0.9s)
-- Generating done (0.0s)
-- Build files have been written to: /tmp/nix-shell.rHxR2V/tmp9efhkcek
[ 50%] Building C object CMakeFiles/Rumoca_c4a7bd29_5092_4dda_986c_a2bf039acbac.dir/home/jgoppert/git/rumoca_fastdyn_tutorial/FastDyn/out/payload-current/run-008/fmu/.fastdyn-fmu-vs2khhg1/fmu/sources/model.c.o
[100%] Linking C shared library Rumoca_c4a7bd29_5092_4dda_986c_a2bf039acbac.so
[100%] Built target Rumoca_c4a7bd29_5092_4dda_986c_a2bf039acbac
Install the project...
-- Install configuration: "Release"
-- Installing: /home/jgoppert/git/rumoca_fastdyn_tutorial/FastDyn/out/payload-current/run-008/fmu/.fastdyn-fmu-vs2khhg1/fmu/binaries/x86_64-linux/Rumoca_c4a7bd29_5092_4dda_986c_a2bf039acbac.so
FASTDYN_LOG|INFO|  [32mParsing the passed path for the CMSIS SVD[0m
FASTDYN_LOG|INFO|  [32mUsing SVD: /home/jgoppert/git/rumoca_fastdyn_tutorial/FastDyn/third_party/common/cmsis-svd-data/data/STMicro/STM32F427.svd (key='STM32F427')[0m
FASTDYN_LOG|INFO|  [32mCreating IRQ Map using the CMSIS SVD[0m
FASTDYN_LOG|INFO|  [32m[timing] fastdyn:fastdyn.parse_config 5.081s ok[0m
FASTDYN_LOG|INFO|  [32m[timing] fastdyn:machine0.compile_device_routing 0.000s ok[0m
FASTDYN_LOG|INFO|  [32m[timing] fastdyn:qemu.write_device_config 0.000s ok[0m
FASTDYN_LOG|INFO|  [32mPrepared QEMU memory backend out/payload-current/run-008/ram0.ram with size 512M.[0m
FASTDYN_LOG|INFO|  [32mPrepared QEMU memory backend out/payload-current/run-008/ram1.ram with size 512K.[0m
FASTDYN_LOG|INFO|  [32m[timing] fastdyn:qemu.build_command 0.002s ok[0m
FASTDYN_LOG|INFO|  [32m[timing] fastdyn:qemu.setup 0.003s ok[0m
FASTDYN_LOG|INFO|  [32m[timing] fastdyn:machine0.qemu_setup 0.003s ok[0m
FASTDYN_LOG|INFO|  [32m[timing] fastdyn:qemu.kill_existing 0.102s ok[0m
FASTDYN_LOG|INFO|  [32m[timing] fastdyn:qemu.build_env 0.000s ok[0m
FASTDYN_LOG|INFO|  [32m[timing] fastdyn:qemu.popen 0.001s ok[0m
FASTDYN_VIRTUAL|WARN|function_tracer| no function-trace manifests were available
Initializing flight controllers
FMU backend loaded: /home/jgoppert/git/rumoca_fastdyn_tutorial/FastDyn/out/payload-current/run-008/fmu/FastDyn_PayloadTrial.runtime/binaries/x86_64-linux/Rumoca_c4a7bd29_5092_4dda_986c_a2bf039acbac.so
FMU timing: init_wall=0.000s
Current CPU type: cortex-m4-arm-cpu
FMU backend advances synchronously from QEMU timer ticks
Periodic IRQ 66 every 1000000 ns
GCS using UART at address 0x200139C0
Copter frame class address mismatch: expected 0x20008284, got 0x00000AAC
[GCSReceiver]: Listening for incoming data on UDP port 14551...
[GPSInputReceiver]: Listening for incoming data on UDP port 14553...
Send socket not initialized. Cannot send MAVLink message.
Failed to send mavlink message to GCS
Send socket not initialized. Cannot send MAVLink message.
Failed to send mavlink message to GCS
Send socket not initialized. Cannot send MAVLink message.
Failed to send mavlink message to GCS
Send socket not initialized. Cannot send MAVLink message.
Failed to send mavlink message to GCS
Send socket not initialized. Cannot send MAVLink message.
Failed to send mavlink message to GCS
Send socket not initialized. Cannot send MAVLink message.
Failed to send mavlink message to GCS
[31m[GCSReceiver]: Initialized send socket to GCS at 127.0.0.1:57480
[mission] heartbeat from system=1 component=1
[mission] loading 27 params from out/payload-current/run-008/controller.param
[mission] param BRD_SAFETY_DEFLT=0
[mission] param FS_THR_ENABLE=0
[mission] param FS_GCS_ENABLE=0
[mission] param DISARM_DELAY=0
[mission] param EK3_SRC1_POSZ=3
[mission] param EK3_SRC2_POSZ=3
[mission] param EK3_SRC3_POSZ=3
[mission] param COMPASS_DEC=0
[mission] param COMPASS_AUTODEC=0
[mission] param ARMING_CHECK=0
[mission] param GUID_OPTIONS=0
[mission] param MOT_PWM_MIN=1100
[mission] param MOT_PWM_MAX=1900
[mission] param MOT_THST_EXPO=0.5
[mission] param MOT_THST_HOVER=0.2
[mission] param ATC_RAT_RLL_P=0.0459849
[mission] param ATC_RAT_RLL_I=0.0459849
[mission] param ATC_RAT_RLL_D=0.00120043
[mission] param ATC_RAT_PIT_P=0.0742121
[mission] param ATC_RAT_PIT_I=0.0742121
[mission] param ATC_RAT_PIT_D=0.00194942
[mission] param ATC_RAT_RLL_FLTT=40
[mission] param ATC_RAT_RLL_FLTD=40
[mission] param ATC_RAT_PIT_FLTT=40
[mission] param ATC_RAT_PIT_FLTD=40
[mission] param ATC_ANG_RLL_P=4.5
[mission] param ATC_ANG_PIT_P=4.5
[mission] params sent
[mission] waiting up to 180s for ArduPilot readiness
[mission] STATUSTEXT: Initialising ArduPilot
[mission] STATUSTEXT: ArduPilot Ready
[mission] STATUSTEXT: AHRS: DCM active
[mission] STATUSTEXT: RCOut: None
[mission] STATUSTEXT: GPS 1: specified as MAV
[mission] rel_alt=0.0m
[mission] STATUSTEXT: Terrain: Allocation failed
[mission] STATUSTEXT: GPS 1: detected MAV
[mission] STATUSTEXT: EKF3 IMU0 initialised
[mission] STATUSTEXT: AHRS: EKF3 active
[mission] ArduPilot ready with GPS and EKF initialized
[mission] keeping QGC home row for ArduPilot mission indexing
[mission] uploading 6 mission items from virtuals/physics/flight_controllers/courbet/mavlink/copter_mission.waypoints
[mission] previous mission cleared
[mission] sending mission item 0/5
[mission] sending mission item 1/5
[mission] sending mission item 2/5
[mission] sending mission item 3/5
[mission] sending mission item 4/5
[mission] sending mission item 5/5
[mission] upload accepted
[mission] ensuring armed state in STABILIZE
[mission] setting mode STABILIZE
[mission] safety switch released
[mission] arming with force
[mission] STATUSTEXT: Flight plan received
[mission] safety ack result=0
[mission] arm ack result=4
[mission] STATUSTEXT: Arm: AHRS: EKF starting GPS checks
[mission] STATUSTEXT: Arm: AHRS: EKF starting GPS checks
[mission] rel_alt=0.0m
[mission] current item 0/5
[mission] STATUSTEXT: Frame: QUAD/X
[mission] rel_alt=0.0m
[0mFMU timing: sim=14.431s wall_since_init=5.000s sim_wall_rtf=2.89x advanced=14.431s wall_advance=0.181s fmu_compute_rtf=79.73x advance_calls=14427 do_steps=14429 avg_do_step=12.5us
[mission] rel_alt=0.0m
[mission] rel_alt=0.0m
[mission] STATUSTEXT: EKF3 IMU0 origin set
[mission] STATUSTEXT: Field Elevation Set: 149m
[mission] STATUSTEXT: EKF3 IMU0 tilt alignment complete
[mission] STATUSTEXT: EKF3 IMU0 MAG0 initial yaw alignment complete
[mission] rel_alt=0.1m
[mission] arming with force
[mission] arm ack result=0
[mission] armed
[mission] waiting up to 180s for EKF GPS fusion
[mission] rel_alt=0.0m
[mission] current item 0/5
[mission] rel_alt=0.0m
FMU timing: sim=28.211s wall_since_init=10.001s sim_wall_rtf=2.82x advanced=28.211s wall_advance=0.354s fmu_compute_rtf=79.62x advance_calls=28207 do_steps=28209 avg_do_step=12.5us
[mission] rel_alt=0.0m
[mission] rel_alt=0.0m
[mission] rel_alt=0.0m
[mission] rel_alt=0.0m
[mission] rel_alt=0.0m
FMU timing: sim=41.488s wall_since_init=15.027s sim_wall_rtf=2.76x advanced=41.488s wall_advance=0.516s fmu_compute_rtf=80.43x advance_calls=41484 do_steps=41486 avg_do_step=12.3us
[mission] rel_alt=0.0m
[mission] rel_alt=0.0m
[mission] rel_alt=0.0m
[mission] rel_alt=0.0m
FMU timing: sim=55.374s wall_since_init=20.027s sim_wall_rtf=2.76x advanced=55.374s wall_advance=0.696s fmu_compute_rtf=79.50x advance_calls=55370 do_steps=55372 avg_do_step=12.5us
[mission] rel_alt=0.0m
[mission] STATUSTEXT: EKF3 IMU0 is using GPS
[mission] EKF GPS fusion confirmed
[mission] ensuring mode AUTO
[mission] setting mode AUTO
[mission] STATUSTEXT: Mode change to AUTO failed: requires position
[mission] rel_alt=0.0m
[mission] current item 0/5
[mission] rel_alt=0.0m
[mission] rel_alt=0.0m
[mission] rel_alt=0.0m
[mission] rel_alt=0.0m
FMU timing: sim=69.289s wall_since_init=25.027s sim_wall_rtf=2.77x advanced=69.289s wall_advance=0.867s fmu_compute_rtf=79.88x advance_calls=69285 do_steps=69287 avg_do_step=12.4us
[mission] setting mode AUTO
[mission] mode AUTO confirmed
[mission] current mission item set to 0
[mission] mission start requested
[mission] monitoring for 180s
[mission] current item 0/5
[mission] STATUSTEXT: Mission: 1 Takeoff
[mission] STATUSTEXT: Mission: 1 Takeoff
[mission] rel_alt=0.0m
[mission] current item 1/5
[mission] rel_alt=-1.1m
[mission] STATUSTEXT: Crash: Disarming: AngErr=167>30, Accel=0.1<3.0
[mission] STATUSTEXT: Mission: 1 Takeoff
[mission] rel_alt=-1.9m
qemu-system-arm: terminating on signal 2 from pid 3246887 (/nix/store/gjvxjlip4f1rc89vrizki47qbfa46r5m-python3-3.12.13-env/bin/python)
FastDyn Exit.
[Main] Closing all flight log file descriptors...
[Main] Flight log file descriptors closed.
[Main] Sending cancellation request to MAVLink listener threads...
Traceback (most recent call last):
  File "/home/jgoppert/git/rumoca_fastdyn_tutorial/FastDyn/virtuals/physics/flight_controllers/courbet/mavlink/mav_command_and_control.py", line 706, in <module>
Last Fuzzed Input:
  MsgID: 0
  CRC Extra: 0
  Length: 0
  Real Length: 0
  SysID: 0
  CompID: 0
  Payload: 
[Main] MAVLink listener threads joined.
    raise SystemExit(main())
                     ^^^^^^
  File "/home/jgoppert/git/rumoca_fastdyn_tutorial/FastDyn/virtuals/physics/flight_controllers/courbet/mavlink/mav_command_and_control.py", line 700, in main
    monitor(mav, count, args.monitor_sec, exit_on_complete=args.exit_on_complete,
  File "/home/jgoppert/git/rumoca_fastdyn_tutorial/FastDyn/virtuals/physics/flight_controllers/courbet/mavlink/mav_command_and_control.py", line 647, in monitor
    msg = mav.recv_match(blocking=True, timeout=1.0)
          ^^^^^^^^^^^^^^^^^^^^^^^^^^^^^^^^^^^^^^^^^^
  File "/nix/store/gjvxjlip4f1rc89vrizki47qbfa46r5m-python3-3.12.13-env/lib/python3.12/site-packages/pymavlink/mavutil.py", line 526, in recv_match
    self.select(timeout/2)
  File "/nix/store/gjvxjlip4f1rc89vrizki47qbfa46r5m-python3-3.12.13-env/lib/python3.12/site-packages/pymavlink/mavutil.py", line 346, in select
    (rin, win, xin) = select.select([self.fd], [], [], timeout)
                      ^^^^^^^^^^^^^^^^^^^^^^^^^^^^^^^^^^^^^^^^^
KeyboardInterrupt
FASTDYN_LOG|INFO|  [32m[timing] fastdyn:qemu.wait 27.744s error[0m
FASTDYN_LOG|INFO|  [32m[timing] fastdyn:machine0.qemu_execution 27.848s ok[0m
FASTDYN_LOG|INFO|  [32m[timing] fastdyn:fastdyn.machine0.run 27.852s ok[0m
FASTDYN_LOG|INFO|  [32m[timing] fastdyn:helpers.stop 0.121s ok[0m
FASTDYN_LOG|INFO|  [32m[timing] fastdyn:fastdyn.run.total 33.062s ok[0m
