fastdyn.main|INFO|  [32m****** Fastdyn Framework 0.1.0 *******[0m
fastdyn.main|WARNING|  [33mThe output directory: /home/jgoppert/git/rumoca_fastdyn_tutorial/FastDyn/out/payload-current/run-014/work passed by the user does not exist.[0m
fastdyn.main|INFO|  [32mCreating output directory at path: /home/jgoppert/git/rumoca_fastdyn_tutorial/FastDyn/out/payload-current/run-014/work[0m
FastDyn timing log: /home/jgoppert/git/rumoca_fastdyn_tutorial/FastDyn/out/payload-current/run-014/work/fastdyn_timing.jsonl
FASTDYN_LOG|INFO|  [32m[timing] fastdyn:fastdyn.fmu_auto_build 0.001s ok[0m
FASTDYN_LOG|INFO|  [32m[timing] fastdyn:helpers.load_config 0.002s ok[0m
FASTDYN_LOG|INFO|  [32m[timing] fastdyn:helper.mavproxy.popen 0.001s ok[0m
FASTDYN_LOG|INFO|  [32mMAVCesium web viewer: open http://127.0.0.1:5000/mavcesium/[0m
FASTDYN_LOG|INFO|  [32m[timing] fastdyn:helper.mission.popen 0.001s ok[0m
FASTDYN_LOG|INFO|  [32m[timing] fastdyn:helpers.start 0.003s ok[0m
FASTDYN_LOG|INFO|  [32mParsing Config file: /home/jgoppert/git/rumoca_fastdyn_tutorial/FastDyn/out/payload-current/run-014/fastdyn.toml[0m
[mission] connecting to udpin:127.0.0.1:14552
-- The C compiler identification is GNU 15.2.0
-- The CXX compiler identification is GNU 15.2.0
-- Detecting C compiler ABI info
-- Detecting C compiler ABI info - done
-- Check for working C compiler: /nix/store/xcnqqnhw9hb4j5rjgds2yjryi8qki5f3-gcc-wrapper-15.2.0/bin/gcc - skipped
-- Detecting C compile features
-- Detecting C compile features - done
-- Detecting CXX compiler ABI info
-- Detecting CXX compiler ABI info - done
-- Check for working CXX compiler: /nix/store/xcnqqnhw9hb4j5rjgds2yjryi8qki5f3-gcc-wrapper-15.2.0/bin/g++ - skipped
-- Detecting CXX compile features
-- Detecting CXX compile features - done
-- Configuring done (0.9s)
-- Generating done (0.0s)
-- Build files have been written to: /tmp/nix-shell.rHxR2V/tmp_2p3nex6
[ 50%] Building C object CMakeFiles/Rumoca_0f8d8ca3_8db3_4c36_a937_d36041babc4a.dir/home/jgoppert/git/rumoca_fastdyn_tutorial/FastDyn/out/payload-current/run-014/fmu/.fastdyn-fmu-78q7hhop/fmu/sources/model.c.o
[100%] Linking C shared library Rumoca_0f8d8ca3_8db3_4c36_a937_d36041babc4a.so
[100%] Built target Rumoca_0f8d8ca3_8db3_4c36_a937_d36041babc4a
Install the project...
-- Install configuration: "Release"
-- Installing: /home/jgoppert/git/rumoca_fastdyn_tutorial/FastDyn/out/payload-current/run-014/fmu/.fastdyn-fmu-78q7hhop/fmu/binaries/x86_64-linux/Rumoca_0f8d8ca3_8db3_4c36_a937_d36041babc4a.so
FASTDYN_LOG|INFO|  [32mParsing the passed path for the CMSIS SVD[0m
FASTDYN_LOG|INFO|  [32mUsing SVD: /home/jgoppert/git/rumoca_fastdyn_tutorial/FastDyn/third_party/common/cmsis-svd-data/data/STMicro/STM32F427.svd (key='STM32F427')[0m
FASTDYN_LOG|INFO|  [32mCreating IRQ Map using the CMSIS SVD[0m
FASTDYN_LOG|INFO|  [32m[timing] fastdyn:fastdyn.parse_config 5.159s ok[0m
FASTDYN_LOG|INFO|  [32m[timing] fastdyn:machine0.compile_device_routing 0.000s ok[0m
FASTDYN_LOG|INFO|  [32m[timing] fastdyn:qemu.write_device_config 0.000s ok[0m
FASTDYN_LOG|INFO|  [32mPrepared QEMU memory backend out/payload-current/run-014/ram0.ram with size 512M.[0m
FASTDYN_LOG|INFO|  [32mPrepared QEMU memory backend out/payload-current/run-014/ram1.ram with size 512K.[0m
FASTDYN_LOG|INFO|  [32m[timing] fastdyn:qemu.build_command 0.002s ok[0m
FASTDYN_LOG|INFO|  [32m[timing] fastdyn:qemu.setup 0.002s ok[0m
FASTDYN_LOG|INFO|  [32m[timing] fastdyn:machine0.qemu_setup 0.003s ok[0m
FASTDYN_LOG|INFO|  [32m[timing] fastdyn:qemu.kill_existing 0.104s ok[0m
FASTDYN_LOG|INFO|  [32m[timing] fastdyn:qemu.build_env 0.000s ok[0m
FASTDYN_LOG|INFO|  [32m[timing] fastdyn:qemu.popen 0.001s ok[0m
FASTDYN_VIRTUAL|WARN|function_tracer| no function-trace manifests were available
Initializing flight controllers
FMU backend loaded: /home/jgoppert/git/rumoca_fastdyn_tutorial/FastDyn/out/payload-current/run-014/fmu/FastDyn_PayloadTrial.runtime/binaries/x86_64-linux/Rumoca_0f8d8ca3_8db3_4c36_a937_d36041babc4a.so
FMU timing: init_wall=0.000s
Current CPU type: cortex-m4-arm-cpu
FMU backend advances synchronously from QEMU timer ticks
Periodic IRQ 66 every 1000000 ns
GCS using UART at address 0x200139C0
Copter frame class address mismatch: expected 0x20008284, got 0x00000AAC
[GCSReceiver]: Listening for incoming data on UDP port 14551...
[GPSInputReceiver]: Listening for incoming data on UDP port 14553...
Send socket not initialized. Cannot send MAVLink message.
Failed to send mavlink message to GCS
Send socket not initialized. Cannot send MAVLink message.
Failed to send mavlink message to GCS
Send socket not initialized. Cannot send MAVLink message.
Failed to send mavlink message to GCS
Send socket not initialized. Cannot send MAVLink message.
Failed to send mavlink message to GCS
Send socket not initialized. Cannot send MAVLink message.
Failed to send mavlink message to GCS
Send socket not initialized. Cannot send MAVLink message.
Failed to send mavlink message to GCS
[31m[GCSReceiver]: Initialized send socket to GCS at 127.0.0.1:38288
[mission] heartbeat from system=1 component=1
[mission] loading 27 params from out/payload-current/run-014/controller.param
[mission] param BRD_SAFETY_DEFLT=0
[mission] param FS_THR_ENABLE=0
[mission] param FS_GCS_ENABLE=0
[mission] param DISARM_DELAY=0
[mission] param EK3_SRC1_POSZ=3
[mission] param EK3_SRC2_POSZ=3
[mission] param EK3_SRC3_POSZ=3
[mission] param COMPASS_DEC=0
[mission] param COMPASS_AUTODEC=0
[mission] param ARMING_CHECK=0
[mission] param GUID_OPTIONS=0
[mission] param MOT_PWM_MIN=1100
[mission] param MOT_PWM_MAX=1900
[mission] param MOT_THST_EXPO=0.5
[mission] param MOT_THST_HOVER=0.2
[mission] param ATC_RAT_RLL_P=0.0459849
[mission] param ATC_RAT_RLL_I=0.0459849
[mission] param ATC_RAT_RLL_D=0.00120043
[mission] param ATC_RAT_PIT_P=0.0742121
[mission] param ATC_RAT_PIT_I=0.0742121
[mission] param ATC_RAT_PIT_D=0.00194942
[mission] param ATC_RAT_RLL_FLTT=40
[mission] param ATC_RAT_RLL_FLTD=40
[mission] param ATC_RAT_PIT_FLTT=40
[mission] param ATC_RAT_PIT_FLTD=40
[mission] param ATC_ANG_RLL_P=4.5
[mission] param ATC_ANG_PIT_P=4.5
[mission] params sent
[mission] waiting up to 180s for ArduPilot readiness
[mission] STATUSTEXT: Initialising ArduPilot
[mission] STATUSTEXT: ArduPilot Ready
[mission] STATUSTEXT: AHRS: DCM active
[mission] STATUSTEXT: RCOut: None
[mission] STATUSTEXT: GPS 1: specified as MAV
[mission] rel_alt=0.0m
[mission] STATUSTEXT: Terrain: Allocation failed
[mission] STATUSTEXT: GPS 1: detected MAV
[mission] STATUSTEXT: EKF3 IMU0 initialised
[mission] STATUSTEXT: AHRS: EKF3 active
[mission] ArduPilot ready with GPS and EKF initialized
[mission] keeping QGC home row for ArduPilot mission indexing
[mission] uploading 6 mission items from virtuals/physics/flight_controllers/courbet/mavlink/copter_mission.waypoints
[mission] previous mission cleared
[mission] sending mission item 0/5
[mission] sending mission item 1/5
[mission] sending mission item 2/5
[mission] sending mission item 3/5
[mission] sending mission item 4/5
[mission] sending mission item 5/5
[mission] upload accepted
[mission] ensuring armed state in STABILIZE
[mission] setting mode STABILIZE
[mission] safety switch released
[mission] arming with force
[mission] STATUSTEXT: Flight plan received
[mission] safety ack result=0
[mission] arm ack result=4
[mission] STATUSTEXT: Arm: AHRS: EKF starting GPS checks
[mission] STATUSTEXT: Arm: AHRS: EKF starting GPS checks
[mission] rel_alt=0.0m
[mission] current item 0/5
[mission] STATUSTEXT: Frame: QUAD/X
[mission] rel_alt=0.0m
[0mFMU timing: sim=14.281s wall_since_init=5.000s sim_wall_rtf=2.86x advanced=14.281s wall_advance=0.181s fmu_compute_rtf=78.87x advance_calls=14277 do_steps=14279 avg_do_step=12.6us
[mission] rel_alt=0.0m
[mission] rel_alt=0.0m
[mission] STATUSTEXT: EKF3 IMU0 origin set
[mission] STATUSTEXT: Field Elevation Set: 149m
[mission] rel_alt=0.0m
[mission] STATUSTEXT: EKF3 IMU0 tilt alignment complete
[mission] STATUSTEXT: EKF3 IMU0 MAG0 initial yaw alignment complete
[mission] arming with force
[mission] arm ack result=0
[mission] armed
[mission] waiting up to 180s for EKF GPS fusion
[mission] rel_alt=0.1m
[mission] current item 0/5
[mission] rel_alt=0.0m
FMU timing: sim=26.215s wall_since_init=10.000s sim_wall_rtf=2.62x advanced=26.215s wall_advance=0.335s fmu_compute_rtf=78.21x advance_calls=26211 do_steps=26213 avg_do_step=12.7us
[mission] rel_alt=0.0m
[mission] rel_alt=0.0m
[mission] rel_alt=0.0m
[mission] rel_alt=0.0m
FMU timing: sim=39.241s wall_since_init=15.000s sim_wall_rtf=2.62x advanced=39.241s wall_advance=0.523s fmu_compute_rtf=75.03x advance_calls=39237 do_steps=39239 avg_do_step=13.2us
[mission] rel_alt=0.0m
[mission] rel_alt=0.0m
[mission] rel_alt=0.0m
[mission] rel_alt=0.0m
[mission] rel_alt=0.0m
FMU timing: sim=52.440s wall_since_init=20.001s sim_wall_rtf=2.62x advanced=52.440s wall_advance=0.712s fmu_compute_rtf=73.67x advance_calls=52436 do_steps=52438 avg_do_step=13.5us
[mission] rel_alt=0.0m
[mission] STATUSTEXT: EKF3 IMU0 is using GPS
[mission] EKF GPS fusion confirmed
[mission] ensuring mode AUTO
[mission] setting mode AUTO
[mission] STATUSTEXT: Mode change to AUTO failed: requires position
[mission] rel_alt=0.0m
[mission] current item 0/5
[mission] rel_alt=0.0m
[mission] rel_alt=0.0m
[mission] rel_alt=0.0m
FMU timing: sim=65.476s wall_since_init=25.001s sim_wall_rtf=2.62x advanced=65.476s wall_advance=0.893s fmu_compute_rtf=73.36x advance_calls=65472 do_steps=65474 avg_do_step=13.5us
[mission] rel_alt=0.0m
[mission] setting mode AUTO
[mission] mode AUTO confirmed
[mission] current mission item set to 0
[mission] mission start requested
[mission] monitoring for 180s
[mission] current item 0/5
[mission] STATUSTEXT: Mission: 1 Takeoff
[mission] STATUSTEXT: Mission: 1 Takeoff
[mission] rel_alt=0.0m
[mission] current item 1/5
[mission] rel_alt=1.3m
[mission] rel_alt=2.9m
[mission] STATUSTEXT: EKF3 IMU0 MAG0 in-flight yaw alignment complete
[mission] rel_alt=4.1m
[mission] rel_alt=5.4m
[mission] rel_alt=6.5m
[mission] rel_alt=7.7m
[mission] rel_alt=8.9m
[mission] rel_alt=10.1m
[mission] rel_alt=11.2m
[mission] rel_alt=12.6m
[mission] rel_alt=13.7m
FMU timing: sim=77.867s wall_since_init=30.005s sim_wall_rtf=2.60x advanced=77.867s wall_advance=1.065s fmu_compute_rtf=73.10x advance_calls=77863 do_steps=77865 avg_do_step=13.6us
[mission] rel_alt=14.8m
[mission] reached item 1/5
[mission] STATUSTEXT: Mission: 2 WP
[mission] current item 2/5
[mission] rel_alt=15.0m
[mission] rel_alt=15.1m
[mission] reached item 2/5
[mission] STATUSTEXT: Reached command #2
[mission] STATUSTEXT: Mission: 3 WP
[mission] current item 3/5
[mission] rel_alt=15.1m
[mission] rel_alt=15.0m
FMU timing: sim=90.589s wall_since_init=35.005s sim_wall_rtf=2.59x advanced=90.589s wall_advance=1.236s fmu_compute_rtf=73.27x advance_calls=90585 do_steps=90587 avg_do_step=13.5us
[mission] reached item 3/5
[mission] STATUSTEXT: Reached command #3
[mission] STATUSTEXT: Mission: 4 WP
[mission] current item 4/5
[mission] rel_alt=15.1m
[mission] rel_alt=15.0m
[mission] rel_alt=15.0m
[mission] reached item 4/5
[mission] STATUSTEXT: Reached command #4
[mission] STATUSTEXT: Mission: 5 Land
[mission] current item 5/5
[mission] rel_alt=15.0m
[mission] rel_alt=15.0m
FMU timing: sim=103.243s wall_since_init=40.005s sim_wall_rtf=2.58x advanced=103.243s wall_advance=1.419s fmu_compute_rtf=72.74x advance_calls=103239 do_steps=103241 avg_do_step=13.6us
[mission] rel_alt=15.1m
[mission] rel_alt=15.0m
[mission] rel_alt=13.6m
[mission] rel_alt=12.5m
[mission] rel_alt=11.4m
[mission] rel_alt=10.3m
[mission] rel_alt=9.3m
[mission] rel_alt=8.3m
FMU timing: sim=115.826s wall_since_init=45.005s sim_wall_rtf=2.57x advanced=115.826s wall_advance=1.599s fmu_compute_rtf=72.45x advance_calls=115822 do_steps=115824 avg_do_step=13.7us
[mission] rel_alt=7.3m
[mission] rel_alt=6.3m
[mission] rel_alt=5.2m
[mission] rel_alt=4.2m
[mission] rel_alt=3.2m
[mission] rel_alt=2.2m
FMU timing: sim=128.663s wall_since_init=50.005s sim_wall_rtf=2.57x advanced=128.663s wall_advance=1.768s fmu_compute_rtf=72.77x advance_calls=128659 do_steps=128661 avg_do_step=13.6us
[mission] rel_alt=1.2m
[mission] rel_alt=0.2m
[mission] firmware landed_state=ON_GROUND, rel_alt=-0.019m
[mission] final landing confirmed near ground
FASTDYN_LOG|INFO|  [32m[timing] fastdyn:helper.mission.exited exit_code=0[0m
FASTDYN_LOG|INFO|  [32m[timing] fastdyn:qemu.wait 52.239s ok[0m
FASTDYN_LOG|INFO|  [32m[timing] fastdyn:machine0.qemu_execution 52.346s ok[0m
FASTDYN_LOG|INFO|  [32m[timing] fastdyn:fastdyn.machine0.run 52.349s ok[0m
FASTDYN_LOG|INFO|  [32m[timing] fastdyn:helpers.stop 0.142s error[0m
FASTDYN_LOG|INFO|  [32m[timing] fastdyn:fastdyn.run.total 57.658s error[0m

Aborted!
