fastdyn.main|INFO|  [32m****** Fastdyn Framework 0.1.0 *******[0m
fastdyn.main|WARNING|  [33mThe output directory: /home/jgoppert/git/rumoca_fastdyn_tutorial/FastDyn/out/payload-current/run-002/work passed by the user does not exist.[0m
fastdyn.main|INFO|  [32mCreating output directory at path: /home/jgoppert/git/rumoca_fastdyn_tutorial/FastDyn/out/payload-current/run-002/work[0m
FastDyn timing log: /home/jgoppert/git/rumoca_fastdyn_tutorial/FastDyn/out/payload-current/run-002/work/fastdyn_timing.jsonl
FASTDYN_LOG|INFO|  [32m[timing] fastdyn:fastdyn.fmu_auto_build 0.001s ok[0m
FASTDYN_LOG|INFO|  [32m[timing] fastdyn:helpers.load_config 0.002s ok[0m
FASTDYN_LOG|INFO|  [32m[timing] fastdyn:helper.mavproxy.popen 0.001s ok[0m
FASTDYN_LOG|INFO|  [32mMAVCesium web viewer: open http://127.0.0.1:5000/mavcesium/[0m
FASTDYN_LOG|INFO|  [32m[timing] fastdyn:helper.mission.popen 0.001s ok[0m
FASTDYN_LOG|INFO|  [32m[timing] fastdyn:helpers.start 0.002s ok[0m
FASTDYN_LOG|INFO|  [32mParsing Config file: /home/jgoppert/git/rumoca_fastdyn_tutorial/FastDyn/out/payload-current/run-002/fastdyn.toml[0m
[mission] connecting to udpin:127.0.0.1:14552
-- The C compiler identification is GNU 15.2.0
-- The CXX compiler identification is GNU 15.2.0
-- Detecting C compiler ABI info
-- Detecting C compiler ABI info - done
-- Check for working C compiler: /nix/store/xcnqqnhw9hb4j5rjgds2yjryi8qki5f3-gcc-wrapper-15.2.0/bin/gcc - skipped
-- Detecting C compile features
-- Detecting C compile features - done
-- Detecting CXX compiler ABI info
-- Detecting CXX compiler ABI info - done
-- Check for working CXX compiler: /nix/store/xcnqqnhw9hb4j5rjgds2yjryi8qki5f3-gcc-wrapper-15.2.0/bin/g++ - skipped
-- Detecting CXX compile features
-- Detecting CXX compile features - done
-- Configuring done (0.9s)
-- Generating done (0.0s)
-- Build files have been written to: /tmp/nix-shell.rHxR2V/tmpk3vzrvux
[ 50%] Building C object CMakeFiles/Rumoca_f419f18f_1d92_4201_bac8_c109ad64a10e.dir/home/jgoppert/git/rumoca_fastdyn_tutorial/FastDyn/out/payload-current/run-002/fmu/.fastdyn-fmu-js736650/fmu/sources/model.c.o
[100%] Linking C shared library Rumoca_f419f18f_1d92_4201_bac8_c109ad64a10e.so
[100%] Built target Rumoca_f419f18f_1d92_4201_bac8_c109ad64a10e
Install the project...
-- Install configuration: "Release"
-- Installing: /home/jgoppert/git/rumoca_fastdyn_tutorial/FastDyn/out/payload-current/run-002/fmu/.fastdyn-fmu-js736650/fmu/binaries/x86_64-linux/Rumoca_f419f18f_1d92_4201_bac8_c109ad64a10e.so
FASTDYN_LOG|INFO|  [32mParsing the passed path for the CMSIS SVD[0m
FASTDYN_LOG|INFO|  [32mUsing SVD: /home/jgoppert/git/rumoca_fastdyn_tutorial/FastDyn/third_party/common/cmsis-svd-data/data/STMicro/STM32F427.svd (key='STM32F427')[0m
FASTDYN_LOG|INFO|  [32mCreating IRQ Map using the CMSIS SVD[0m
FASTDYN_LOG|INFO|  [32m[timing] fastdyn:fastdyn.parse_config 4.795s ok[0m
FASTDYN_LOG|INFO|  [32m[timing] fastdyn:machine0.compile_device_routing 0.000s ok[0m
FASTDYN_LOG|INFO|  [32m[timing] fastdyn:qemu.write_device_config 0.000s ok[0m
FASTDYN_LOG|INFO|  [32mPrepared QEMU memory backend out/payload-current/run-002/ram0.ram with size 512M.[0m
FASTDYN_LOG|INFO|  [32mPrepared QEMU memory backend out/payload-current/run-002/ram1.ram with size 512K.[0m
FASTDYN_LOG|INFO|  [32m[timing] fastdyn:qemu.build_command 0.002s ok[0m
FASTDYN_LOG|INFO|  [32m[timing] fastdyn:qemu.setup 0.002s ok[0m
FASTDYN_LOG|INFO|  [32m[timing] fastdyn:machine0.qemu_setup 0.003s ok[0m
FASTDYN_LOG|INFO|  [32m[timing] fastdyn:qemu.kill_existing 0.105s ok[0m
FASTDYN_LOG|INFO|  [32m[timing] fastdyn:qemu.build_env 0.000s ok[0m
FASTDYN_LOG|INFO|  [32m[timing] fastdyn:qemu.popen 0.001s ok[0m
FASTDYN_VIRTUAL|WARN|function_tracer| no function-trace manifests were available
Initializing flight controllers
FMU backend loaded: /home/jgoppert/git/rumoca_fastdyn_tutorial/FastDyn/out/payload-current/run-002/fmu/FastDyn_PayloadTrial.runtime/binaries/x86_64-linux/Rumoca_f419f18f_1d92_4201_bac8_c109ad64a10e.so
FMU timing: init_wall=0.000s
Current CPU type: cortex-m4-arm-cpu
FMU backend advances synchronously from QEMU timer ticks
Periodic IRQ 66 every 1000000 ns
GCS using UART at address 0x200139C0
Copter frame class address mismatch: expected 0x20008284, got 0x00000AAC
[GCSReceiver]: Listening for incoming data on UDP port 14551...
[GPSInputReceiver]: Listening for incoming data on UDP port 14553...
Send socket not initialized. Cannot send MAVLink message.
Failed to send mavlink message to GCS
[31m[GCSReceiver]: Initialized send socket to GCS at 127.0.0.1:50673
[mission] heartbeat from system=1 component=1
[mission] loading 27 params from out/payload-current/run-002/controller.param
[mission] param BRD_SAFETY_DEFLT=0
[mission] param FS_THR_ENABLE=0
[mission] param FS_GCS_ENABLE=0
[mission] param DISARM_DELAY=0
[mission] param EK3_SRC1_POSZ=3
[mission] param EK3_SRC2_POSZ=3
[mission] param EK3_SRC3_POSZ=3
[mission] param COMPASS_DEC=0
[mission] param COMPASS_AUTODEC=0
[mission] param ARMING_CHECK=0
[mission] param GUID_OPTIONS=0
[mission] param MOT_PWM_MIN=1100
[mission] param MOT_PWM_MAX=1900
[mission] param MOT_THST_EXPO=0.5
[mission] param MOT_THST_HOVER=0.2
[mission] param ATC_RAT_RLL_P=0.0459849
[mission] param ATC_RAT_RLL_I=0.0459849
[mission] param ATC_RAT_RLL_D=0.00120043
[mission] param ATC_RAT_PIT_P=0.0742121
[mission] param ATC_RAT_PIT_I=0.0742121
[mission] param ATC_RAT_PIT_D=0.00194942
[mission] param ATC_RAT_RLL_FLTT=40
[mission] param ATC_RAT_RLL_FLTD=40
[mission] param ATC_RAT_PIT_FLTT=40
[mission] param ATC_RAT_PIT_FLTD=40
[mission] param ATC_ANG_RLL_P=4.5
[mission] param ATC_ANG_PIT_P=4.5
[mission] params sent
[mission] waiting up to 180s for ArduPilot readiness
[mission] STATUSTEXT: Initialising ArduPilot
[mission] rel_alt=0.0m
[mission] STATUSTEXT: ArduPilot Ready
[mission] STATUSTEXT: AHRS: DCM active
[mission] STATUSTEXT: RCOut: None
[mission] STATUSTEXT: GPS 1: specified as MAV
[mission] STATUSTEXT: Terrain: Allocation failed
[mission] STATUSTEXT: GPS 1: detected MAV
[mission] STATUSTEXT: Frame: QUAD/X
[mission] STATUSTEXT: EKF3 IMU0 initialised
[mission] STATUSTEXT: AHRS: EKF3 active
[mission] ArduPilot ready with GPS and EKF initialized
[mission] keeping QGC home row for ArduPilot mission indexing
[mission] uploading 6 mission items from virtuals/physics/flight_controllers/courbet/mavlink/copter_mission.waypoints
[mission] previous mission cleared
[mission] sending mission item 0/5
[mission] sending mission item 1/5
[mission] sending mission item 2/5
[mission] sending mission item 3/5
[mission] sending mission item 4/5
[mission] sending mission item 5/5
[mission] upload accepted
[mission] ensuring armed state in STABILIZE
[mission] setting mode STABILIZE
[mission] safety switch released
[mission] arming with force
[mission] STATUSTEXT: Flight plan received
[mission] safety ack result=0
[mission] arm ack result=4
[mission] STATUSTEXT: Arm: AHRS: EKF starting GPS checks
[mission] STATUSTEXT: Arm: AHRS: EKF starting GPS checks
[mission] rel_alt=0.0m
[mission] current item 0/5
[mission] rel_alt=0.0m
[0mFMU timing: sim=14.912s wall_since_init=5.000s sim_wall_rtf=2.98x advanced=14.912s wall_advance=0.177s fmu_compute_rtf=84.19x advance_calls=14908 do_steps=14910 avg_do_step=11.8us
[mission] rel_alt=0.0m
[mission] rel_alt=0.0m
[mission] STATUSTEXT: EKF3 IMU0 origin set
[mission] STATUSTEXT: Field Elevation Set: 149m
[mission] STATUSTEXT: EKF3 IMU0 tilt alignment complete
[mission] STATUSTEXT: EKF3 IMU0 MAG0 initial yaw alignment complete
[mission] rel_alt=0.1m
[mission] arming with force
[mission] arm ack result=0
[mission] armed
[mission] waiting up to 180s for EKF GPS fusion
[mission] rel_alt=0.0m
[mission] current item 0/5
[mission] rel_alt=0.0m
FMU timing: sim=28.375s wall_since_init=10.000s sim_wall_rtf=2.84x advanced=28.375s wall_advance=0.340s fmu_compute_rtf=83.48x advance_calls=28371 do_steps=28373 avg_do_step=11.9us
[mission] rel_alt=0.0m
[mission] rel_alt=0.0m
[mission] rel_alt=0.0m
[mission] rel_alt=0.0m
[mission] rel_alt=0.0m
FMU timing: sim=42.199s wall_since_init=15.000s sim_wall_rtf=2.81x advanced=42.199s wall_advance=0.503s fmu_compute_rtf=83.89x advance_calls=42195 do_steps=42197 avg_do_step=11.8us
[mission] rel_alt=0.0m
[mission] rel_alt=0.0m
[mission] rel_alt=0.0m
[mission] rel_alt=0.0m
[mission] rel_alt=0.0m
FMU timing: sim=56.110s wall_since_init=20.000s sim_wall_rtf=2.81x advanced=56.110s wall_advance=0.666s fmu_compute_rtf=84.30x advance_calls=56106 do_steps=56108 avg_do_step=11.8us
[mission] STATUSTEXT: EKF3 IMU0 is using GPS
[mission] EKF GPS fusion confirmed
[mission] ensuring mode AUTO
[mission] setting mode AUTO
[mission] mode AUTO confirmed
[mission] current mission item set to 0
[mission] mission start requested
[mission] monitoring for 180s
[mission] current item 0/5
[mission] STATUSTEXT: Mission: 1 Takeoff
[mission] STATUSTEXT: Mission: 1 Takeoff
[mission] rel_alt=0.0m
[mission] current item 1/5
[mission] rel_alt=1.3m
[mission] rel_alt=2.8m
[mission] STATUSTEXT: EKF3 IMU0 MAG0 in-flight yaw alignment complete
[mission] rel_alt=4.1m
[mission] rel_alt=5.3m
[mission] rel_alt=6.5m
[mission] rel_alt=7.7m
[mission] rel_alt=8.9m
[mission] rel_alt=10.1m
[mission] rel_alt=11.2m
[mission] rel_alt=12.5m
[mission] rel_alt=13.6m
[mission] rel_alt=14.7m
[mission] reached item 1/5
[mission] STATUSTEXT: Mission: 2 WP
[mission] current item 2/5
[mission] rel_alt=15.0m
FMU timing: sim=68.838s wall_since_init=25.000s sim_wall_rtf=2.75x advanced=68.838s wall_advance=0.846s fmu_compute_rtf=81.38x advance_calls=68834 do_steps=68836 avg_do_step=12.2us
[mission] rel_alt=15.1m
[mission] reached item 2/5
[mission] STATUSTEXT: Reached command #2
[mission] STATUSTEXT: Mission: 3 WP
[mission] current item 3/5
[mission] rel_alt=15.0m
[mission] rel_alt=15.0m
[mission] reached item 3/5
[mission] STATUSTEXT: Reached command #3
[mission] STATUSTEXT: Mission: 4 WP
[mission] current item 4/5
[mission] rel_alt=15.0m
FMU timing: sim=81.703s wall_since_init=30.001s sim_wall_rtf=2.72x advanced=81.703s wall_advance=1.004s fmu_compute_rtf=81.38x advance_calls=81699 do_steps=81701 avg_do_step=12.2us
[mission] rel_alt=15.0m
[mission] reached item 4/5
[mission] STATUSTEXT: Reached command #4
[mission] STATUSTEXT: Mission: 5 Land
[mission] rel_alt=15.0m
[mission] current item 5/5
[mission] rel_alt=15.0m
[mission] rel_alt=15.0m
[mission] rel_alt=15.0m
FMU timing: sim=94.385s wall_since_init=35.001s sim_wall_rtf=2.70x advanced=94.385s wall_advance=1.169s fmu_compute_rtf=80.76x advance_calls=94381 do_steps=94383 avg_do_step=12.3us
[mission] rel_alt=14.3m
[mission] rel_alt=13.3m
[mission] rel_alt=12.2m
[mission] rel_alt=11.1m
[mission] rel_alt=10.0m
[mission] rel_alt=8.9m
[mission] rel_alt=7.9m
[mission] rel_alt=6.9m
FMU timing: sim=107.313s wall_since_init=40.001s sim_wall_rtf=2.68x advanced=107.313s wall_advance=1.332s fmu_compute_rtf=80.54x advance_calls=107309 do_steps=107311 avg_do_step=12.3us
[mission] rel_alt=5.9m
[mission] rel_alt=4.8m
[mission] rel_alt=3.7m
[mission] rel_alt=2.5m
[mission] rel_alt=1.5m
[mission] rel_alt=0.4m
FMU timing: sim=120.557s wall_since_init=45.001s sim_wall_rtf=2.68x advanced=120.557s wall_advance=1.505s fmu_compute_rtf=80.13x advance_calls=120553 do_steps=120555 avg_do_step=12.4us
[mission] rel_alt=0.1m
[mission] STATUSTEXT: Mission: 1 Takeoff
[mission] current item 1/5
[mission] firmware landed_state=ON_GROUND, rel_alt=0.077m
[mission] final landing confirmed near ground
FASTDYN_LOG|INFO|  [32m[timing] fastdyn:helper.mission.exited exit_code=0[0m
FASTDYN_LOG|INFO|  [32m[timing] fastdyn:qemu.wait 45.628s ok[0m
FASTDYN_LOG|INFO|  [32m[timing] fastdyn:machine0.qemu_execution 45.735s ok[0m
FASTDYN_LOG|INFO|  [32m[timing] fastdyn:fastdyn.machine0.run 45.738s ok[0m
FASTDYN_LOG|INFO|  [32m[timing] fastdyn:helpers.stop 0.214s ok[0m
FASTDYN_LOG|INFO|  [32m[timing] fastdyn:fastdyn.run.total 50.755s ok[0m
